[DEBUG LAB4]: 	INT	int	3	0
[DEBUG LAB4]: 	ID	3	4	f	1
[DEBUG LAB4]: 	LP	(	3	5
[DEBUG LAB4]: 	RP	)	3	6
[DEBUG LAB4]: 	LC	{	3	7
[DEBUG LAB4]: 	INT	int	4	1
[DEBUG LAB4]: 	ID	4	5	a	2
[DEBUG LAB4]: 	SEMICOLON	;	4	6
[DEBUG LAB4]: 	ID	5	1	a	2
[DEBUG LAB4]: 	ASSIGN	=	5	3
[DEBUG LAB4]: 	NUMBER	}	5	5	0
[DEBUG LAB4]: 	SEMICOLON	;	5	6
[DEBUG LAB4]: 	FLOAT	float	6	1
[DEBUG LAB4]: 	ID	6	7	b	3
[DEBUG LAB4]: 	ASSIGN	=	6	9
[DEBUG LAB4]: 	FLOATNUMBER	}	6	11	3.23
[DEBUG LAB4]: 	COMMA	,	6	15
[DEBUG LAB4]: 	ID	6	16	c	4
[DEBUG LAB4]: 	ASSIGN	=	6	17
[DEBUG LAB4]: 	FLOATNUMBER	}	6	18	3.5e10
[DEBUG LAB4]: 	SEMICOLON	;	6	24
[DEBUG LAB4]: 	WHILE	while	8	1
[DEBUG LAB4]: 	LP	(	8	6
[DEBUG LAB4]: 	ID	8	7	a	2
[DEBUG LAB4]: 	LESS	<	8	8
[DEBUG LAB4]: 	NUMBER	}	8	9	10
[DEBUG LAB4]: 	RP	)	8	11
[DEBUG LAB4]: 	LC	{	8	12
[DEBUG LAB4]: 	ID	9	2	a	5
[DEBUG LAB4]: 	ASSIGN	=	9	4
[DEBUG LAB4]: 	ID	9	6	a	5
[DEBUG LAB4]: 	MUL	*	9	8
[DEBUG LAB4]: 	NUMBER	}	9	10	2345
[DEBUG LAB4]: 	SEMICOLON	;	9	14
[DEBUG LAB4]: 	RC	}	10	1
[DEBUG LAB4]: 	RETURN	return	11	1
[DEBUG LAB4]: 	ID	11	8	a	2
[DEBUG LAB4]: 	SEMICOLON	;	11	9
[DEBUG LAB4]: 	RC	}	12	0
[DEBUG LAB4]: 	INT	int	14	0
[DEBUG LAB4]: 	ID	14	4	main	6
[DEBUG LAB4]: 	LP	(	14	8
[DEBUG LAB4]: 	RP	)	14	9
[DEBUG LAB4]: 	LC	{	14	10
[DEBUG LAB4]: 	INT	int	15	1
[DEBUG LAB4]: 	ID	15	5	_testid	7
[DEBUG LAB4]: 	SEMICOLON	;	15	12
[DEBUG LAB4]: 	ID	16	1	_testid	7
[DEBUG LAB4]: 	ASSIGN	=	16	9
[DEBUG LAB4]: 	NUMBER	}	16	11	0
[DEBUG LAB4]: 	SEMICOLON	;	16	12
[DEBUG LAB4]: 	IF	if	17	1
[DEBUG LAB4]: 	LP	(	17	3
[DEBUG LAB4]: 	ID	17	4	_testid	7
[DEBUG LAB4]: 	EQUAL	==	17	11
[DEBUG LAB4]: 	NUMBER	}	17	13	0
[DEBUG LAB4]: 	RP	)	17	14
[DEBUG LAB4]: 	LC	{	17	15
[DEBUG LAB4]: 	INT	int	18	2
[DEBUG LAB4]: 	ID	18	6	_testid	8
[DEBUG LAB4]: 	SEMICOLON	;	18	13
[DEBUG LAB4]: 	INT	int	19	2
[DEBUG LAB4]: 	ID	19	6	_testid2	9
[DEBUG LAB4]: 	SEMICOLON	;	19	14
[DEBUG LAB4]: 	ID	20	2	_testid1	10
[DEBUG LAB4]: 	ASSIGN	=	20	10
[DEBUG LAB4]: 	ID	20	11	_testid1	10
[DEBUG LAB4]: 	ADD	+	20	19
[DEBUG LAB4]: 	NUMBER	}	20	20	1
[DEBUG LAB4]: 	SEMICOLON	;	20	21
[DEBUG LAB4]: 	RC	}	21	1
 [DEBUG LAB4]: 	LC	{	25	1
[DEBUG LAB4]: 	INT	int	26	2
[DEBUG LAB4]: 	ID	26	6	a	11
[DEBUG LAB4]: 	SEMICOLON	;	26	7
[DEBUG LAB4]: 	RC	}	27	1
[DEBUG LAB4]: 	LC	{	28	1
[DEBUG LAB4]: 	INT	int	29	2
[DEBUG LAB4]: 	ID	29	6	a	12
[DEBUG LAB4]: 	SEMICOLON	;	29	7
[DEBUG LAB4]: 	RC	}	30	1
[DEBUG LAB4]: 	INT	int	31	1
[DEBUG LAB4]: 	ID	31	5	b	13
[DEBUG LAB4]: 	SEMICOLON	;	31	6
[DEBUG LAB4]: 	RETURN	return	32	1
[DEBUG LAB4]: 	NUMBER	}	32	8	0
[DEBUG LAB4]: 	SEMICOLON	;	32	9
[DEBUG LAB4]: 	RC	}	33	0
 